// Jest Snapshot v1, https://goo.gl/fbAQLP

exports[`preset returns expected config 1`] = `
Object {
  "config": Array [
    Object {},
    Object {
      "eslint": Object {
        "rules": Object {
          "arrow-body-style": "off",
          "import/no-extraneous-dependencies": "off",
          "import/no-unresolved": "off",
          "node/no-unpublished-require": "off",
        },
      },
      "jest": Object {
        "snapshotSerializers": Array [
          "<PROJECT_ROOT>/node_modules/@backtrack/jest-serializer-preset/dist/jest-serializer-preset.js",
        ],
      },
      "wallaby": [Function wallaby],
    },
  ],
  "files": Object {
    "dest": Object {
      "absolute": Object {
        ".circleci/config.yml": "<PROJECT_ROOT>/.circleci/config.yml",
        ".editorconfig": "<PROJECT_ROOT>/.editorconfig",
        ".eslintignore": "<PROJECT_ROOT>/.eslintignore",
        ".eslintrc.js": "<PROJECT_ROOT>/.eslintrc.js",
        ".gitattributes": "<PROJECT_ROOT>/.gitattributes",
        ".gitignore": "<PROJECT_ROOT>/.gitignore",
        ".huskyrc.js": "<PROJECT_ROOT>/.huskyrc.js",
        ".lintstagedrc.js": "<PROJECT_ROOT>/.lintstagedrc.js",
        ".np-config.js": "<PROJECT_ROOT>/.np-config.js",
        ".npmrc": "<PROJECT_ROOT>/.npmrc",
        ".prettierignore": "<PROJECT_ROOT>/.prettierignore",
        ".prettierrc.js": "<PROJECT_ROOT>/.prettierrc.js",
        ".yarnrc": "<PROJECT_ROOT>/.yarnrc",
        "README.md": "<PROJECT_ROOT>/README.md",
        "appveyor.yml": "<PROJECT_ROOT>/appveyor.yml",
        "jest.config.js": "<PROJECT_ROOT>/jest.config.js",
        "lib/preset-preset.js": "<PROJECT_ROOT>/lib/preset-preset.js",
        "lib/preset-preset.test.js": "<PROJECT_ROOT>/lib/preset-preset.test.js",
        "wallaby.config.js": "<PROJECT_ROOT>/wallaby.config.js",
      },
      "allowChanges": Object {
        ".circleci/config.yml": false,
        ".editorconfig": false,
        ".eslintignore": false,
        ".eslintrc.js": false,
        ".gitattributes": false,
        ".gitignore": false,
        ".huskyrc.js": false,
        ".lintstagedrc.js": false,
        ".np-config.js": false,
        ".npmrc": false,
        ".prettierignore": false,
        ".prettierrc.js": false,
        ".yarnrc": false,
        "README.md": true,
        "appveyor.yml": false,
        "jest.config.js": false,
        "lib/preset-preset.js": true,
        "lib/preset-preset.test.js": true,
        "wallaby.config.js": false,
      },
      "files": Array [
        ".eslintignore",
        ".prettierignore",
        ".lintstagedrc.js",
        ".eslintrc.js",
        ".prettierrc.js",
        ".huskyrc.js",
        ".circleci/config.yml",
        "wallaby.config.js",
        "jest.config.js",
        "appveyor.yml",
        ".editorconfig",
        ".gitignore",
        ".gitattributes",
        ".npmrc",
        ".yarnrc",
        ".np-config.js",
        "README.md",
        "lib/preset-preset.js",
        "lib/preset-preset.test.js",
      ],
      "ignoreUpdates": Object {
        ".circleci/config.yml": false,
        ".editorconfig": false,
        ".eslintignore": false,
        ".eslintrc.js": false,
        ".gitattributes": false,
        ".gitignore": false,
        ".huskyrc.js": false,
        ".lintstagedrc.js": false,
        ".np-config.js": false,
        ".npmrc": false,
        ".prettierignore": false,
        ".prettierrc.js": false,
        ".yarnrc": false,
        "README.md": true,
        "appveyor.yml": false,
        "jest.config.js": false,
        "lib/preset-preset.js": true,
        "lib/preset-preset.test.js": true,
        "wallaby.config.js": false,
      },
    },
    "makeDirs": Array [
      ".circleci",
      "lib/files",
    ],
    "src": Object {
      "absolute": Object {
        "lib/files/README.md": "<PROJECT_ROOT>/lib/files/README.md",
        "lib/files/package-entry-test.js": "<PROJECT_ROOT>/lib/files/package-entry-test.js",
        "lib/files/package-entry.js": "<PROJECT_ROOT>/lib/files/package-entry.js",
        "node_modules/@backtrack/preset-git-hooks/lib/files/husky.js": "<PROJECT_ROOT>/node_modules/@backtrack/preset-git-hooks/lib/files/husky.js",
        "node_modules/@backtrack/preset-jest/lib/files/appveyor-8+.yml": "<PROJECT_ROOT>/node_modules/@backtrack/preset-jest/lib/files/appveyor-8+.yml",
        "node_modules/@backtrack/preset-jest/lib/files/circleci-8+.yml": "<PROJECT_ROOT>/node_modules/@backtrack/preset-jest/lib/files/circleci-8+.yml",
        "node_modules/@backtrack/preset-jest/lib/files/jest.js": "<PROJECT_ROOT>/node_modules/@backtrack/preset-jest/lib/files/jest.js",
        "node_modules/@backtrack/preset-jest/lib/files/wallaby.js": "<PROJECT_ROOT>/node_modules/@backtrack/preset-jest/lib/files/wallaby.js",
        "node_modules/@backtrack/preset-node/lib/files/editorconfig": "<PROJECT_ROOT>/node_modules/@backtrack/preset-node/lib/files/editorconfig",
        "node_modules/@backtrack/preset-node/lib/files/gitattributes": "<PROJECT_ROOT>/node_modules/@backtrack/preset-node/lib/files/gitattributes",
        "node_modules/@backtrack/preset-node/lib/files/gitignore-module": "<PROJECT_ROOT>/node_modules/@backtrack/preset-node/lib/files/gitignore-module",
        "node_modules/@backtrack/preset-node/lib/files/np-config.js": "<PROJECT_ROOT>/node_modules/@backtrack/preset-node/lib/files/np-config.js",
        "node_modules/@backtrack/preset-node/lib/files/npmrc-module": "<PROJECT_ROOT>/node_modules/@backtrack/preset-node/lib/files/npmrc-module",
        "node_modules/@backtrack/preset-node/lib/files/yarnrc-module": "<PROJECT_ROOT>/node_modules/@backtrack/preset-node/lib/files/yarnrc-module",
        "node_modules/@backtrack/preset-style/lib/files/eslint-node.js": "<PROJECT_ROOT>/node_modules/@backtrack/preset-style/lib/files/eslint-node.js",
        "node_modules/@backtrack/preset-style/lib/files/ignore": "<PROJECT_ROOT>/node_modules/@backtrack/preset-style/lib/files/ignore",
        "node_modules/@backtrack/preset-style/lib/files/lint-staged.js": "<PROJECT_ROOT>/node_modules/@backtrack/preset-style/lib/files/lint-staged.js",
        "node_modules/@backtrack/preset-style/lib/files/prettier.js": "<PROJECT_ROOT>/node_modules/@backtrack/preset-style/lib/files/prettier.js",
      },
      "files": Array [
        "node_modules/@backtrack/preset-style/lib/files/ignore",
        "node_modules/@backtrack/preset-style/lib/files/ignore",
        "node_modules/@backtrack/preset-style/lib/files/lint-staged.js",
        "node_modules/@backtrack/preset-style/lib/files/eslint-node.js",
        "node_modules/@backtrack/preset-style/lib/files/prettier.js",
        "node_modules/@backtrack/preset-git-hooks/lib/files/husky.js",
        "node_modules/@backtrack/preset-jest/lib/files/circleci-8+.yml",
        "node_modules/@backtrack/preset-jest/lib/files/wallaby.js",
        "node_modules/@backtrack/preset-jest/lib/files/jest.js",
        "node_modules/@backtrack/preset-jest/lib/files/appveyor-8+.yml",
        "node_modules/@backtrack/preset-node/lib/files/editorconfig",
        "node_modules/@backtrack/preset-node/lib/files/gitignore-module",
        "node_modules/@backtrack/preset-node/lib/files/gitattributes",
        "node_modules/@backtrack/preset-node/lib/files/npmrc-module",
        "node_modules/@backtrack/preset-node/lib/files/yarnrc-module",
        "node_modules/@backtrack/preset-node/lib/files/np-config.js",
        "lib/files/README.md",
        "lib/files/package-entry.js",
        "lib/files/package-entry-test.js",
      ],
      "hash": Object {
        "lib/files/README.md": "ignoreUpdates",
        "lib/files/package-entry-test.js": "ignoreUpdates",
        "lib/files/package-entry.js": "ignoreUpdates",
        "node_modules/@backtrack/preset-git-hooks/lib/files/husky.js": "d41c387b0d3f16730829f444ef7bc0665cc52e92847c548c5166ebb7597bc69a",
        "node_modules/@backtrack/preset-jest/lib/files/appveyor-8+.yml": "5dcc891d04c8131f9a5782771c5fecd04af5a6cc6c22f4090a63b3b4583bafaa",
        "node_modules/@backtrack/preset-jest/lib/files/circleci-8+.yml": "ed700b1e1ed715aaa370a41a40f8236df1886fa35913c644e8cc82580997e327",
        "node_modules/@backtrack/preset-jest/lib/files/jest.js": "996d179962a5518ff433880e9d7586c4d960c66112aa28698801d73347af4d00",
        "node_modules/@backtrack/preset-jest/lib/files/wallaby.js": "dda2a86d53bf59d3f34b9e3ca52791f1a9557fa06acd76b1e91f68865f1fbe32",
        "node_modules/@backtrack/preset-node/lib/files/editorconfig": "1931e1173b865e8d600576d904aed77b95e5a6044c26d1743dd00db9313f88cb",
        "node_modules/@backtrack/preset-node/lib/files/gitattributes": "f511b169e2a0b7529ac2887dffad3b04a16b954209edf18fec7f8911a81ad17d",
        "node_modules/@backtrack/preset-node/lib/files/gitignore-module": "8791c419e79de53e5c2eefa59ab16b52b5413bd08da46be94e9e6cc3153a17a0",
        "node_modules/@backtrack/preset-node/lib/files/np-config.js": "2057ff5c26393f3bf0b8873dd72eeaa60feabc4f04142ac70a5899c8d1c1451b",
        "node_modules/@backtrack/preset-node/lib/files/npmrc-module": "f535d8452d57a9d969bc54c2eaa831f3e20ccb5c3dbeeabc6f613d27a4b5a28a",
        "node_modules/@backtrack/preset-node/lib/files/yarnrc-module": "feed5a1b1413c2d27507ed09e7d1c21fb40e0f8aca947c0620793b7e187e8ba4",
        "node_modules/@backtrack/preset-style/lib/files/eslint-node.js": "d29084d1d0cbcc3982525eae881e6e797d1c64be4c6937ab43fb134750c6207d",
        "node_modules/@backtrack/preset-style/lib/files/ignore": "df678e7a458aba93c115564cfd4a701bdf4397e943de8745d37f2798c1dc5c11",
        "node_modules/@backtrack/preset-style/lib/files/lint-staged.js": "5398a6883c9332018fa32fdac8989989eef1eca27c0e2d92ccf35bb13381e7e7",
        "node_modules/@backtrack/preset-style/lib/files/prettier.js": "d629966276ea3348d610673fc3a6c274411cb15543870ccadba258ffbf90346a",
      },
    },
  },
  "format": Array [
    "prettier \\"**/*.{js,mjs,jsx,ts,tsx,json,scss,less,css,md,yml,yaml}\\" --write",
  ],
  "git-pre-commit": Array [
    [Function noop],
    "lint-staged",
    [Function noop],
    "backtrack test",
  ],
  "git-pre-push": Array [
    [Function noop],
    "backtrack lint",
    [Function noop],
    "backtrack test",
  ],
  "lint": Array [
    "eslint --ext .js,.jsx,.mjs,.ts,.tsx .",
  ],
  "lint.fix": Array [
    "eslint --ext .js,.jsx,.mjs,.ts,.tsx --fix .",
    "prettier \\"**/*.{js,mjs,jsx,ts,tsx,json,scss,less,css,md,yml,yaml}\\" --write",
  ],
  "packageJson": Array [
    Object {
      "scripts": Object {
        "test.update": "jest --update-snapshot",
        "test.watch": "jest --watch",
      },
    },
    Object {
      "engines": Object {
        "node": ">=8.9.0",
      },
      "files": Array [
        "lib/",
      ],
      "main": "lib/preset-preset.js",
      "private": false,
    },
  ],
  "prepublishOnly": Array [
    "backtrack lint",
  ],
  "release": Array [
    "np",
  ],
  "resolve": Object {
    "@backtrack/preset-git-hooks": "<PROJECT_ROOT>/node_modules/@backtrack/preset-git-hooks/lib",
    "@backtrack/preset-jest": "<PROJECT_ROOT>/node_modules/@backtrack/preset-jest/lib",
    "@backtrack/preset-node": "<PROJECT_ROOT>/node_modules/@backtrack/preset-node/lib",
    "@backtrack/preset-preset": "<PROJECT_ROOT>/lib",
    "@backtrack/preset-style": "<PROJECT_ROOT>/node_modules/@backtrack/preset-style/lib",
  },
  "test": Array [
    "jest --pass-with-no-tests",
  ],
  "test.ci": Array [
    "jest --pass-with-no-tests --ci --no-cache --coverage --max-workers 2",
    Object {
      "name": "codecov",
      "task": "codecov",
    },
  ],
  "test.ci-pretest": Array [
    [Function noop],
    "backtrack lint",
  ],
}
`;
