// Jest Snapshot v1, https://goo.gl/fbAQLP

exports[`preset returns expected config 1`] = `
Object {
  "config": Array [
    Object {
      "eslint": Object {
        "extends": Array [
          "<PROJECT_ROOT>/lib/eslint.js",
        ],
        "parserOptions": Object {
          "sourceType": "script",
        },
        "rules": Object {
          "import/no-extraneous-dependencies": "off",
          "import/no-unresolved": "off",
          "strict": Array [
            "error",
            "safe",
          ],
        },
      },
      "prettier": Object {
        "trailingComma": "es5",
      },
    },
  ],
  "files": Object {
    "dest": Object {
      "absolute": Object {
        ".circleci/config.yml": "<PROJECT_ROOT>/.circleci/config.yml",
        ".editorconfig": "<PROJECT_ROOT>/.editorconfig",
        ".eslintignore": "<PROJECT_ROOT>/.eslintignore",
        ".eslintrc.js": "<PROJECT_ROOT>/.eslintrc.js",
        ".gitignore": "<PROJECT_ROOT>/.gitignore",
        ".npmrc": "<PROJECT_ROOT>/.npmrc",
        ".prettierignore": "<PROJECT_ROOT>/.prettierignore",
        ".prettierrc.js": "<PROJECT_ROOT>/.prettierrc.js",
        ".yarnrc": "<PROJECT_ROOT>/.yarnrc",
        "CHANGELOG.md": "<PROJECT_ROOT>/CHANGELOG.md",
        "README.md": "<PROJECT_ROOT>/README.md",
        "appveyor.yml": "<PROJECT_ROOT>/appveyor.yml",
        "jest.config.js": "<PROJECT_ROOT>/jest.config.js",
        "lib/preset-preset.js": "<PROJECT_ROOT>/lib/preset-preset.js",
        "lib/preset-preset.test.js": "<PROJECT_ROOT>/lib/preset-preset.test.js",
        "wallaby.config.js": "<PROJECT_ROOT>/wallaby.config.js",
      },
      "allowChanges": Object {
        ".circleci/config.yml": false,
        ".editorconfig": false,
        ".eslintignore": false,
        ".eslintrc.js": false,
        ".gitignore": false,
        ".npmrc": false,
        ".prettierignore": false,
        ".prettierrc.js": false,
        ".yarnrc": false,
        "CHANGELOG.md": true,
        "README.md": true,
        "appveyor.yml": false,
        "jest.config.js": false,
        "lib/preset-preset.js": true,
        "lib/preset-preset.test.js": true,
        "wallaby.config.js": false,
      },
      "files": Array [
        ".eslintrc.js",
        ".eslintignore",
        ".prettierrc.js",
        ".prettierignore",
        "jest.config.js",
        ".circleci/config.yml",
        "appveyor.yml",
        ".editorconfig",
        ".gitignore",
        ".npmrc",
        ".yarnrc",
        "README.md",
        "CHANGELOG.md",
        "lib/preset-preset.js",
        "lib/preset-preset.test.js",
        "wallaby.config.js",
      ],
      "hash": Object {
        ".circleci/config.yml": "3b7696d7b955ebd4ac0f5eeacfff227acea15301b6e450b111677d32411b2a8b",
        ".editorconfig": "65c8c6dd2b55cd63f7a55d2ed77bb1344a345ed651c5b0a1cb689fa95753e63d",
        ".eslintignore": "7b358a16955be6b9b56add38102fccd293af540701ac91cd5020bfe37fe3fbb3",
        ".eslintrc.js": "0de8c62f28870b2afeb3eb58a5a9a106a96c9181aa9478f71760bb155bb4a205",
        ".gitignore": "c204ca8726ae7f7e0aedcd854a49064fd5a2385de43318f58e8cd70e7dd5adbd",
        ".npmrc": "f92bfc9e4d622a5c53c3fcd1b61206420f8dc666db99e57560c33ad2fdc80a47",
        ".prettierignore": "7b358a16955be6b9b56add38102fccd293af540701ac91cd5020bfe37fe3fbb3",
        ".prettierrc.js": "d30f794e5447d44ad2ed8a1123bc15fdaf6775ad7776f3c1411e3b965f3d3a20",
        ".yarnrc": "e4bdd4d0bcb6dd15e5585dc6fa2c90780abaf4904305afb12d9af02000e070f3",
        "CHANGELOG.md": "f55181dcff3c688e1b0b62f38b6e3187de326c22b4cc1eca3642bf63d6ea2552",
        "README.md": "c64f2712e842ded32c76f1352ddc717332f8017090e183f865f790cc9d59d7f9",
        "appveyor.yml": "9d33ff9a3d71fe4027204552cb66e29277062e5fd12d2e9f334cc07d8f8fd30a",
        "jest.config.js": "2dfc22f99102a3d4d2335ad31b24e0902a3b81348aa74acf270d9c88ed0a2bf3",
        "lib/preset-preset.js": "088eae6b515009fd276ed41e4484a17ef9d39c1e6db2d7e4714a08a1993b8c1d",
        "lib/preset-preset.test.js": "e5f471c0fceacae79446f5cf792e694bf563b2ff93664935c91c723039d0f55e",
        "wallaby.config.js": "b79a89efd0484c2aba8477197056e4ae331dc6a0d533e050edd99d89630cb78f",
      },
      "ignoreUpdates": Object {
        ".circleci/config.yml": false,
        ".editorconfig": false,
        ".eslintignore": false,
        ".eslintrc.js": false,
        ".gitignore": false,
        ".npmrc": false,
        ".prettierignore": false,
        ".prettierrc.js": false,
        ".yarnrc": false,
        "CHANGELOG.md": true,
        "README.md": true,
        "appveyor.yml": false,
        "jest.config.js": false,
        "lib/preset-preset.js": true,
        "lib/preset-preset.test.js": true,
        "wallaby.config.js": false,
      },
    },
    "makeDirs": Array [
      ".circleci",
      "lib/files",
    ],
    "src": Object {
      "absolute": Object {
        "lib/files/CHANGELOG.md": "<PROJECT_ROOT>/lib/files/CHANGELOG.md",
        "lib/files/README.md": "<PROJECT_ROOT>/lib/files/README.md",
        "lib/files/editorconfig": "<PROJECT_ROOT>/lib/files/editorconfig",
        "lib/files/gitignore": "<PROJECT_ROOT>/lib/files/gitignore",
        "lib/files/npmrc": "<PROJECT_ROOT>/lib/files/npmrc",
        "lib/files/package-entry-test.js": "<PROJECT_ROOT>/lib/files/package-entry-test.js",
        "lib/files/package-entry.js": "<PROJECT_ROOT>/lib/files/package-entry.js",
        "lib/files/wallaby.config.js": "<PROJECT_ROOT>/lib/files/wallaby.config.js",
        "lib/files/yarnrc": "<PROJECT_ROOT>/lib/files/yarnrc",
        "node_modules/@backtrack/preset-jest/lib/files/appveyor.yml": "<PROJECT_ROOT>/node_modules/@backtrack/preset-jest/lib/files/appveyor.yml",
        "node_modules/@backtrack/preset-jest/lib/files/circleci-v2.yml": "<PROJECT_ROOT>/node_modules/@backtrack/preset-jest/lib/files/circleci-v2.yml",
        "node_modules/@backtrack/preset-jest/lib/files/jest.js": "<PROJECT_ROOT>/node_modules/@backtrack/preset-jest/lib/files/jest.js",
        "node_modules/@backtrack/preset-style/lib/files/eslint.js": "<PROJECT_ROOT>/node_modules/@backtrack/preset-style/lib/files/eslint.js",
        "node_modules/@backtrack/preset-style/lib/files/ignore": "<PROJECT_ROOT>/node_modules/@backtrack/preset-style/lib/files/ignore",
        "node_modules/@backtrack/preset-style/lib/files/prettier.js": "<PROJECT_ROOT>/node_modules/@backtrack/preset-style/lib/files/prettier.js",
      },
      "files": Array [
        "node_modules/@backtrack/preset-style/lib/files/eslint.js",
        "node_modules/@backtrack/preset-style/lib/files/ignore",
        "node_modules/@backtrack/preset-style/lib/files/prettier.js",
        "node_modules/@backtrack/preset-style/lib/files/ignore",
        "node_modules/@backtrack/preset-jest/lib/files/jest.js",
        "node_modules/@backtrack/preset-jest/lib/files/circleci-v2.yml",
        "node_modules/@backtrack/preset-jest/lib/files/appveyor.yml",
        "lib/files/editorconfig",
        "lib/files/gitignore",
        "lib/files/npmrc",
        "lib/files/yarnrc",
        "lib/files/README.md",
        "lib/files/CHANGELOG.md",
        "lib/files/package-entry.js",
        "lib/files/package-entry-test.js",
        "lib/files/wallaby.config.js",
      ],
      "hash": Object {
        "lib/files/CHANGELOG.md": "ignoreUpdates",
        "lib/files/README.md": "ignoreUpdates",
        "lib/files/editorconfig": "65c8c6dd2b55cd63f7a55d2ed77bb1344a345ed651c5b0a1cb689fa95753e63d",
        "lib/files/gitignore": "c204ca8726ae7f7e0aedcd854a49064fd5a2385de43318f58e8cd70e7dd5adbd",
        "lib/files/npmrc": "f92bfc9e4d622a5c53c3fcd1b61206420f8dc666db99e57560c33ad2fdc80a47",
        "lib/files/package-entry-test.js": "ignoreUpdates",
        "lib/files/package-entry.js": "ignoreUpdates",
        "lib/files/wallaby.config.js": "b79a89efd0484c2aba8477197056e4ae331dc6a0d533e050edd99d89630cb78f",
        "lib/files/yarnrc": "e4bdd4d0bcb6dd15e5585dc6fa2c90780abaf4904305afb12d9af02000e070f3",
        "node_modules/@backtrack/preset-jest/lib/files/appveyor.yml": "9d33ff9a3d71fe4027204552cb66e29277062e5fd12d2e9f334cc07d8f8fd30a",
        "node_modules/@backtrack/preset-jest/lib/files/circleci-v2.yml": "3b7696d7b955ebd4ac0f5eeacfff227acea15301b6e450b111677d32411b2a8b",
        "node_modules/@backtrack/preset-jest/lib/files/jest.js": "2dfc22f99102a3d4d2335ad31b24e0902a3b81348aa74acf270d9c88ed0a2bf3",
        "node_modules/@backtrack/preset-style/lib/files/eslint.js": "0de8c62f28870b2afeb3eb58a5a9a106a96c9181aa9478f71760bb155bb4a205",
        "node_modules/@backtrack/preset-style/lib/files/ignore": "7b358a16955be6b9b56add38102fccd293af540701ac91cd5020bfe37fe3fbb3",
        "node_modules/@backtrack/preset-style/lib/files/prettier.js": "d30f794e5447d44ad2ed8a1123bc15fdaf6775ad7776f3c1411e3b965f3d3a20",
      },
    },
  },
  "format": Array [
    "prettier **/*.{js,md,json} --write",
  ],
  "lint": Array [
    "eslint .",
  ],
  "lint.fix": Array [
    "eslint --fix .",
  ],
  "packageJson": Array [
    Object {
      "lint-staged": Object {
        "*.{js,md,json}": Array [
          "prettier --write",
          "git add",
        ],
      },
    },
    Object {
      "scripts": Object {
        "test.update": "jest --updateSnapshot",
        "test.watch": "jest --watch",
      },
    },
    Object {
      "engines": Object {
        "node": ">=6.9.0",
        "npm": ">=3.10.10",
        "yarn": ">=1.6.0",
      },
      "files": Array [
        "lib/",
      ],
      "main": "lib/preset-preset.js",
    },
  ],
  "precommit": Array [
    "lint-staged",
  ],
  "prepublishOnly": Array [
    "backtrack lint",
    "backtrack test",
  ],
  "prepush": Array [
    "backtrack lint",
    "backtrack test",
  ],
  "resolve": Object {
    "@backtrack/preset-jest": "<PROJECT_ROOT>/node_modules/@backtrack/preset-jest/lib",
    "@backtrack/preset-preset": "<PROJECT_ROOT>/lib",
    "@backtrack/preset-style": "<PROJECT_ROOT>/node_modules/@backtrack/preset-style/lib",
  },
  "test": Array [
    "jest --passWithNoTests",
  ],
  "test.ci": Array [
    "jest --passWithNoTests --coverage",
    "<PROJECT_ROOT>/node_modules/@backtrack/preset-jest/lib/send-coverage.js",
  ],
  "test.ci-pretest": Array [
    [Function noop],
    "backtrack lint",
  ],
}
`;
