// Jest Snapshot v1, https://goo.gl/fbAQLP

exports[`preset returns expected config 1`] = `
Object {
  "config": Array [
    Object {
      "eslint": Object {
        "extends": Array [
          "<PROJECT_ROOT>/lib/eslint.js",
        ],
        "parserOptions": Object {
          "sourceType": "script",
        },
        "rules": Object {
          "import/no-extraneous-dependencies": "off",
          "import/no-unresolved": "off",
          "strict": Array [
            "error",
            "safe",
          ],
        },
      },
      "jest": Object {
        "snapshotSerializers": Array [
          "<PROJECT_ROOT>/node_modules/@backtrack/jest-serializer-preset/dist/jest-serializer-preset.js",
        ],
      },
      "prettier": Object {
        "trailingComma": "es5",
      },
    },
  ],
  "files": Object {
    "dest": Object {
      "absolute": Object {
        ".circleci/config.yml": "<PROJECT_ROOT>/.circleci/config.yml",
        ".editorconfig": "<PROJECT_ROOT>/.editorconfig",
        ".eslintignore": "<PROJECT_ROOT>/.eslintignore",
        ".eslintrc.js": "<PROJECT_ROOT>/.eslintrc.js",
        ".gitignore": "<PROJECT_ROOT>/.gitignore",
        ".lintstagedrc.js": "<PROJECT_ROOT>/.lintstagedrc.js",
        ".npmrc": "<PROJECT_ROOT>/.npmrc",
        ".prettierignore": "<PROJECT_ROOT>/.prettierignore",
        ".prettierrc.js": "<PROJECT_ROOT>/.prettierrc.js",
        ".yarnrc": "<PROJECT_ROOT>/.yarnrc",
        "CHANGELOG.md": "<PROJECT_ROOT>/CHANGELOG.md",
        "README.md": "<PROJECT_ROOT>/README.md",
        "appveyor.yml": "<PROJECT_ROOT>/appveyor.yml",
        "jest.config.js": "<PROJECT_ROOT>/jest.config.js",
        "lib/preset-preset.js": "<PROJECT_ROOT>/lib/preset-preset.js",
        "lib/preset-preset.test.js": "<PROJECT_ROOT>/lib/preset-preset.test.js",
        "wallaby.config.js": "<PROJECT_ROOT>/wallaby.config.js",
      },
      "allowChanges": Object {
        ".circleci/config.yml": false,
        ".editorconfig": false,
        ".eslintignore": false,
        ".eslintrc.js": false,
        ".gitignore": false,
        ".lintstagedrc.js": false,
        ".npmrc": false,
        ".prettierignore": false,
        ".prettierrc.js": false,
        ".yarnrc": false,
        "CHANGELOG.md": true,
        "README.md": true,
        "appveyor.yml": false,
        "jest.config.js": false,
        "lib/preset-preset.js": true,
        "lib/preset-preset.test.js": true,
        "wallaby.config.js": false,
      },
      "files": Array [
        ".eslintrc.js",
        ".eslintignore",
        ".prettierrc.js",
        ".prettierignore",
        ".lintstagedrc.js",
        ".circleci/config.yml",
        "jest.config.js",
        "appveyor.yml",
        ".editorconfig",
        ".gitignore",
        ".npmrc",
        ".yarnrc",
        "README.md",
        "CHANGELOG.md",
        "lib/preset-preset.js",
        "lib/preset-preset.test.js",
        "wallaby.config.js",
      ],
      "ignoreUpdates": Object {
        ".circleci/config.yml": false,
        ".editorconfig": false,
        ".eslintignore": false,
        ".eslintrc.js": false,
        ".gitignore": false,
        ".lintstagedrc.js": false,
        ".npmrc": false,
        ".prettierignore": false,
        ".prettierrc.js": false,
        ".yarnrc": false,
        "CHANGELOG.md": true,
        "README.md": true,
        "appveyor.yml": false,
        "jest.config.js": false,
        "lib/preset-preset.js": true,
        "lib/preset-preset.test.js": true,
        "wallaby.config.js": false,
      },
    },
    "makeDirs": Array [
      ".circleci",
      "lib/files",
    ],
    "src": Object {
      "absolute": Object {
        "lib/files/CHANGELOG.md": "<PROJECT_ROOT>/lib/files/CHANGELOG.md",
        "lib/files/README.md": "<PROJECT_ROOT>/lib/files/README.md",
        "lib/files/editorconfig": "<PROJECT_ROOT>/lib/files/editorconfig",
        "lib/files/gitignore": "<PROJECT_ROOT>/lib/files/gitignore",
        "lib/files/npmrc": "<PROJECT_ROOT>/lib/files/npmrc",
        "lib/files/package-entry-test.js": "<PROJECT_ROOT>/lib/files/package-entry-test.js",
        "lib/files/package-entry.js": "<PROJECT_ROOT>/lib/files/package-entry.js",
        "lib/files/wallaby.js": "<PROJECT_ROOT>/lib/files/wallaby.js",
        "lib/files/yarnrc": "<PROJECT_ROOT>/lib/files/yarnrc",
        "node_modules/@backtrack/preset-jest/lib/files/appveyor-6+.yml": "<PROJECT_ROOT>/node_modules/@backtrack/preset-jest/lib/files/appveyor-6+.yml",
        "node_modules/@backtrack/preset-jest/lib/files/circleci-6+.yml": "<PROJECT_ROOT>/node_modules/@backtrack/preset-jest/lib/files/circleci-6+.yml",
        "node_modules/@backtrack/preset-jest/lib/files/jest-library.js": "<PROJECT_ROOT>/node_modules/@backtrack/preset-jest/lib/files/jest-library.js",
        "node_modules/@backtrack/preset-style/lib/files/eslint.js": "<PROJECT_ROOT>/node_modules/@backtrack/preset-style/lib/files/eslint.js",
        "node_modules/@backtrack/preset-style/lib/files/ignore": "<PROJECT_ROOT>/node_modules/@backtrack/preset-style/lib/files/ignore",
        "node_modules/@backtrack/preset-style/lib/files/lint-staged.js": "<PROJECT_ROOT>/node_modules/@backtrack/preset-style/lib/files/lint-staged.js",
        "node_modules/@backtrack/preset-style/lib/files/prettier.js": "<PROJECT_ROOT>/node_modules/@backtrack/preset-style/lib/files/prettier.js",
      },
      "files": Array [
        "node_modules/@backtrack/preset-style/lib/files/eslint.js",
        "node_modules/@backtrack/preset-style/lib/files/ignore",
        "node_modules/@backtrack/preset-style/lib/files/prettier.js",
        "node_modules/@backtrack/preset-style/lib/files/ignore",
        "node_modules/@backtrack/preset-style/lib/files/lint-staged.js",
        "node_modules/@backtrack/preset-jest/lib/files/circleci-6+.yml",
        "node_modules/@backtrack/preset-jest/lib/files/jest-library.js",
        "node_modules/@backtrack/preset-jest/lib/files/appveyor-6+.yml",
        "lib/files/editorconfig",
        "lib/files/gitignore",
        "lib/files/npmrc",
        "lib/files/yarnrc",
        "lib/files/README.md",
        "lib/files/CHANGELOG.md",
        "lib/files/package-entry.js",
        "lib/files/package-entry-test.js",
        "lib/files/wallaby.js",
      ],
      "hash": Object {
        "lib/files/CHANGELOG.md": "ignoreUpdates",
        "lib/files/README.md": "ignoreUpdates",
        "lib/files/editorconfig": "65c8c6dd2b55cd63f7a55d2ed77bb1344a345ed651c5b0a1cb689fa95753e63d",
        "lib/files/gitignore": "c204ca8726ae7f7e0aedcd854a49064fd5a2385de43318f58e8cd70e7dd5adbd",
        "lib/files/npmrc": "f92bfc9e4d622a5c53c3fcd1b61206420f8dc666db99e57560c33ad2fdc80a47",
        "lib/files/package-entry-test.js": "ignoreUpdates",
        "lib/files/package-entry.js": "ignoreUpdates",
        "lib/files/wallaby.js": "9ba161416002cd5d8a171f0b92f51d80cb6e559fcaaaa32835caec84de99ae6f",
        "lib/files/yarnrc": "e4bdd4d0bcb6dd15e5585dc6fa2c90780abaf4904305afb12d9af02000e070f3",
        "node_modules/@backtrack/preset-jest/lib/files/appveyor-6+.yml": "251406424b8cb49b1a8858ef7eb521ae57856964625daed85b591692e8f98e15",
        "node_modules/@backtrack/preset-jest/lib/files/circleci-6+.yml": "f8afa0de22d1ce5ee659b86993cf898e85b383599dab0f06ef052d1f4510ef37",
        "node_modules/@backtrack/preset-jest/lib/files/jest-library.js": "322dd136d43514064c38fdf8cd999d6511d83af8efbb35d8d355a3f35937c6c4",
        "node_modules/@backtrack/preset-style/lib/files/eslint.js": "0de8c62f28870b2afeb3eb58a5a9a106a96c9181aa9478f71760bb155bb4a205",
        "node_modules/@backtrack/preset-style/lib/files/ignore": "7b358a16955be6b9b56add38102fccd293af540701ac91cd5020bfe37fe3fbb3",
        "node_modules/@backtrack/preset-style/lib/files/lint-staged.js": "c8dd8df94d9c8de4503bc1ab4b4ea12c7450d76ebbd50c9b4c3c7975609e28da",
        "node_modules/@backtrack/preset-style/lib/files/prettier.js": "d30f794e5447d44ad2ed8a1123bc15fdaf6775ad7776f3c1411e3b965f3d3a20",
      },
    },
  },
  "format": Array [
    "prettier **/*.{js,mjs,jsx,ts,tsx,json,scss,less,css,md,yml,yaml} --write",
  ],
  "lint": Array [
    "eslint .",
  ],
  "lint.fix": Array [
    "eslint --fix .",
  ],
  "packageJson": Array [
    Object {
      "scripts": Object {
        "test.update": "jest --updateSnapshot",
        "test.watch": "jest --watch",
      },
    },
    Object {
      "engines": Object {
        "node": ">=6.9.0",
        "npm": ">=3.10.10",
      },
      "files": Array [
        "lib/",
      ],
      "main": "lib/preset-preset.js",
    },
  ],
  "precommit": Array [
    "lint-staged",
  ],
  "prepublishOnly": Array [
    "backtrack lint",
    "backtrack test",
  ],
  "prepush": Array [
    "backtrack lint",
    "backtrack test",
  ],
  "resolve": Object {
    "@backtrack/preset-jest": "<PROJECT_ROOT>/node_modules/@backtrack/preset-jest/lib",
    "@backtrack/preset-preset": "<PROJECT_ROOT>/lib",
    "@backtrack/preset-style": "<PROJECT_ROOT>/node_modules/@backtrack/preset-style/lib",
  },
  "test": Array [
    "jest --passWithNoTests",
  ],
  "test.ci": Array [
    "jest --passWithNoTests --coverage --maxWorkers 2",
    Object {
      "name": "codecov",
      "task": "codecov",
    },
  ],
  "test.ci-pretest": Array [
    [Function noop],
    "backtrack lint",
  ],
}
`;
